transcribing Gag Reel - Fight the Future.mp4
Fetching 4 files:   0%|          | 0/4 [00:00<?, ?it/s]Warning: You are sending unauthenticated requests to the HF Hub. Please set a HF_TOKEN to enable higher rate limits and faster downloads.
Fetching 4 files:  25%|██▌       | 1/4 [00:00<00:00,  8.97it/s]Fetching 4 files:  50%|█████     | 2/4 [00:00<00:00,  8.17it/s]Fetching 4 files: 100%|██████████| 4/4 [00:32<00:00, 10.03s/it]Fetching 4 files: 100%|██████████| 4/4 [00:32<00:00,  8.03s/it]
done Gag Reel - Fight the Future.mp4 175 segments
transcribing Gag Reel - Season 1.mp4
done Gag Reel - Season 1.mp4 140 segments
transcribing Gag Reel - Season 2.mp4
done Gag Reel - Season 2.mp4 234 segments
transcribing Gag Reel - Season 3.mp4
done Gag Reel - Season 3.mp4 184 segments
transcribing Gag Reel - Season 4.mp4
done Gag Reel - Season 4.mp4 137 segments
transcribing Gag Reel - Season 5.mp4
done Gag Reel - Season 5.mp4 104 segments
transcribing Gag Reel - Season 6.mp4
done Gag Reel - Season 6.mp4 168 segments
transcribing Gag Reel - Season 7.mp4
done Gag Reel - Season 7.mp4 165 segments
transcribing Gag Reel - Season 8.mp4
done Gag Reel - Season 8.mp4 120 segments
transcribing Gag Reel - Season 9 (with Chris Carter tribute).mp4
done Gag Reel - Season 9 (with Chris Carter tribute).mp4 241 segments
ALL DONE
